[0m15:10:15.315932 [debug] [MainThread]: Sending event: {'category': 'dbt', 'action': 'invocation', 'label': 'start', 'context': [<snowplow_tracker.self_describing_json.SelfDescribingJson object at 0x108766640>, <snowplow_tracker.self_describing_json.SelfDescribingJson object at 0x109c49670>, <snowplow_tracker.self_describing_json.SelfDescribingJson object at 0x109c499a0>]}


============================== 15:10:15.318546 | 1cdda6a7-c55e-4648-a15a-a07729a18888 ==============================
[0m15:10:15.318546 [info ] [MainThread]: Running with dbt=1.10.23
[0m15:10:15.318735 [debug] [MainThread]: running dbt with arguments {'fail_fast': 'False', 'use_experimental_parser': 'False', 'indirect_selection': 'eager', 'use_colors': 'True', 'log_format': 'default', 'empty': 'None', 'cache_selected_only': 'False', 'no_print': 'None', 'introspect': 'True', 'log_cache_events': 'False', 'partial_parse': 'True', 'profiles_dir': '/Users/jelorfeld/.dbt', 'write_json': 'True', 'invocation_command': 'dbt init rental_analytics', 'send_anonymous_usage_stats': 'True', 'warn_error': 'None', 'printer_width': '80', 'version_check': 'True', 'warn_error_options': 'WarnErrorOptionsV2(error=[], warn=[], silence=[])', 'static_parser': 'True', 'log_path': 'logs', 'quiet': 'False', 'target_path': 'None', 'debug': 'False'}
[0m15:10:15.321760 [warn ] [MainThread]: [[33mWARNING[0m]: This version of dbt is deprecated and no longer receives regular patches, including for known bugs. Please upgrade to a newer supported version of dbt for new projects: https://docs.getdbt.com/docs/dbt-versions?utm_source=dbt-cli
[0m15:10:15.321884 [debug] [MainThread]: Sending event: {'category': 'dbt', 'action': 'deprecated_version_invocation', 'label': '1cdda6a7-c55e-4648-a15a-a07729a18888', 'context': [<snowplow_tracker.self_describing_json.SelfDescribingJson object at 0x109bf02e0>]}
[0m15:10:15.322005 [info ] [MainThread]: Creating dbt configuration folder at /Users/jelorfeld/.dbt
[0m15:10:15.322416 [debug] [MainThread]: Starter project path: /Users/jelorfeld/Documents/Workspace/lorfeld_hubspot_dbt_assessment/.venv/lib/python3.9/site-packages/dbt/include/starter_project
[0m15:10:15.324195 [info ] [MainThread]: 
Your new dbt project "rental_analytics" was created!

For more information on how to configure the profiles.yml file,
please consult the dbt documentation here:

  https://docs.getdbt.com/docs/configure-your-profile

One more thing:

Need help? Don't hesitate to reach out to us via GitHub issues or on Slack:

  https://community.getdbt.com/

Happy modeling!

[0m15:10:15.324301 [info ] [MainThread]: Setting up your profile.
[0m15:10:22.921191 [info ] [MainThread]: Profile rental_analytics written to /Users/jelorfeld/.dbt/profiles.yml using target's sample configuration. Once updated, you'll be able to start developing with dbt.
[0m15:10:22.924555 [debug] [MainThread]: Resource report: {"command_name": "init", "command_success": true, "command_wall_clock_time": 7.6389885, "process_in_blocks": "0", "process_kernel_time": 0.119929, "process_mem_max_rss": "121372672", "process_out_blocks": "0", "process_user_time": 0.612822}
[0m15:10:22.924802 [debug] [MainThread]: Command `dbt init` succeeded at 15:10:22.924738 after 7.64 seconds
[0m15:10:22.924996 [debug] [MainThread]: Sending event: {'category': 'dbt', 'action': 'invocation', 'label': 'end', 'context': [<snowplow_tracker.self_describing_json.SelfDescribingJson object at 0x108766640>, <snowplow_tracker.self_describing_json.SelfDescribingJson object at 0x109cdad00>, <snowplow_tracker.self_describing_json.SelfDescribingJson object at 0x109c493a0>]}
[0m15:10:22.925202 [debug] [MainThread]: Flushing usage events
[0m15:10:23.140571 [debug] [MainThread]: An error was encountered while trying to flush usage events
